<?xml version="1.0" encoding="UTF-8"?>
<TestRun id="b09e0e85-a052-4b5e-a986-fc28ec707eea" name="liel_r@W7-LIELR 2013-06-06 17:57:57" runUser="RAMDOR\liel_r" xmlns="http://microsoft.com/schemas/VisualStudio/TeamTest/2010">
  <TestSettings name="Default Test Settings" id="3f1491d3-a257-47cd-a45a-fc78fecf5153">
    <Execution>
      <TestTypeSpecific />
      <AgentRule name="Execution Agents">
      </AgentRule>
    </Execution>
    <Deployment runDeploymentRoot="liel_r_W7-LIELR 2013-06-06 17_57_57" />
  </TestSettings>
  <Times creation="2013-06-06T17:57:57.8453805+03:00" queuing="2013-06-06T17:57:58.0333913+03:00" start="2013-06-06T17:57:58.0703934+03:00" finish="2013-06-06T17:57:58.3934118+03:00" />
  <ResultSummary outcome="Completed">
    <Counters total="9" executed="9" passed="9" error="0" failed="0" timeout="0" aborted="0" inconclusive="0" passedButRunAborted="0" notRunnable="0" notExecuted="0" disconnected="0" warning="0" completed="0" inProgress="0" pending="0" />
  </ResultSummary>
  <TestDefinitions>
    <UnitTest name="TestMethod3" storage="bin\debug\testproject2.dll" id="78047548-c2fb-ec7b-adbf-bbb4914c4e3d">
      <Execution id="c0cd620a-477d-4595-88d1-a9e1672ce63b" />
      <TestMethod codeBase="C:/workspaces/ClickSoftware/TestProject2/TestProject2/bin/Debug/TestProject2.DLL" adapterTypeName="Microsoft.VisualStudio.TestTools.TestTypes.Unit.UnitTestAdapter, Microsoft.VisualStudio.QualityTools.Tips.UnitTest.Adapter, Version=10.0.0.0, Culture=neutral, PublicKeyToken=b03f5f7f11d50a3a" className="TestProject2.UnitTest2, TestProject2, Version=1.0.0.0, Culture=neutral, PublicKeyToken=null" name="TestMethod3" />
    </UnitTest>
    <UnitTest name="TestMethod2" storage="bin\debug\testproject2.dll" id="762813a8-6a9a-e8e5-34d5-f448a5291c4a">
      <Execution id="9aeef09f-7112-4fc7-864e-df74a288aee7" />
      <TestMethod codeBase="C:/workspaces/ClickSoftware/TestProject2/TestProject2/bin/Debug/TestProject2.DLL" adapterTypeName="Microsoft.VisualStudio.TestTools.TestTypes.Unit.UnitTestAdapter, Microsoft.VisualStudio.QualityTools.Tips.UnitTest.Adapter, Version=10.0.0.0, Culture=neutral, PublicKeyToken=b03f5f7f11d50a3a" className="TestProject2.UnitTest1, TestProject2, Version=1.0.0.0, Culture=neutral, PublicKeyToken=null" name="TestMethod2" />
    </UnitTest>
    <UnitTest name="TestMethod4" storage="bin\debug\testproject2.dll" id="279b4c1f-43c0-4b3d-9fab-267be1d9d601">
      <Execution id="ba634c66-2c5e-40d7-9b40-f03b18b75cbe" />
      <TestMethod codeBase="C:/workspaces/ClickSoftware/TestProject2/TestProject2/bin/Debug/TestProject2.DLL" adapterTypeName="Microsoft.VisualStudio.TestTools.TestTypes.Unit.UnitTestAdapter, Microsoft.VisualStudio.QualityTools.Tips.UnitTest.Adapter, Version=10.0.0.0, Culture=neutral, PublicKeyToken=b03f5f7f11d50a3a" className="TestProject2.UnitTest2, TestProject2, Version=1.0.0.0, Culture=neutral, PublicKeyToken=null" name="TestMethod4" />
    </UnitTest>
    <UnitTest name="TestMethod1" storage="bin\debug\testproject2.dll" id="b96f2172-51f7-3767-573a-01ebaf3120be">
      <Execution id="297b2d6f-43cb-46c9-8c6d-532d4e2d131f" />
      <TestMethod codeBase="C:/workspaces/ClickSoftware/TestProject2/TestProject2/bin/Debug/TestProject2.DLL" adapterTypeName="Microsoft.VisualStudio.TestTools.TestTypes.Unit.UnitTestAdapter, Microsoft.VisualStudio.QualityTools.Tips.UnitTest.Adapter, Version=10.0.0.0, Culture=neutral, PublicKeyToken=b03f5f7f11d50a3a" className="TestProject2.UnitTest1, TestProject2, Version=1.0.0.0, Culture=neutral, PublicKeyToken=null" name="TestMethod1" />
    </UnitTest>
    <OrderedTest name="OrderedTest2" storage="c:\workspaces\clicksoftware\testproject2\testproject2\orderedtest2.orderedtest" id="3b5e70bb-fe8d-4921-8807-43c6fddf54fd">
      <Execution id="96bc35a9-d073-46d9-acde-3d57b9da0993" />
      <TestLinks>
        <TestLink id="279b4c1f-43c0-4b3d-9fab-267be1d9d601" name="TestMethod4" storage="bin\debug\testproject2.dll" type="Microsoft.VisualStudio.TestTools.TestTypes.Unit.UnitTestElement, Microsoft.VisualStudio.QualityTools.Tips.UnitTest.ObjectModel, Version=10.0.0.0, Culture=neutral, PublicKeyToken=b03f5f7f11d50a3a" />
        <TestLink id="762813a8-6a9a-e8e5-34d5-f448a5291c4a" name="TestMethod2" storage="bin\debug\testproject2.dll" type="Microsoft.VisualStudio.TestTools.TestTypes.Unit.UnitTestElement, Microsoft.VisualStudio.QualityTools.Tips.UnitTest.ObjectModel, Version=10.0.0.0, Culture=neutral, PublicKeyToken=b03f5f7f11d50a3a" />
        <TestLink id="b96f2172-51f7-3767-573a-01ebaf3120be" name="TestMethod1" storage="bin\debug\testproject2.dll" type="Microsoft.VisualStudio.TestTools.TestTypes.Unit.UnitTestElement, Microsoft.VisualStudio.QualityTools.Tips.UnitTest.ObjectModel, Version=10.0.0.0, Culture=neutral, PublicKeyToken=b03f5f7f11d50a3a" />
        <TestLink id="78047548-c2fb-ec7b-adbf-bbb4914c4e3d" name="TestMethod3" storage="bin\debug\testproject2.dll" type="Microsoft.VisualStudio.TestTools.TestTypes.Unit.UnitTestElement, Microsoft.VisualStudio.QualityTools.Tips.UnitTest.ObjectModel, Version=10.0.0.0, Culture=neutral, PublicKeyToken=b03f5f7f11d50a3a" />
      </TestLinks>
    </OrderedTest>
  </TestDefinitions>
  <TestLists>
    <TestList name="Results Not in a List" id="8c84fa94-04c1-424b-9868-57a2d4851a1d" />
    <TestList name="All Loaded Results" id="19431567-8539-422a-85d7-44ee4e166bda" />
  </TestLists>
  <TestEntries>
    <TestEntry testId="b96f2172-51f7-3767-573a-01ebaf3120be" executionId="297b2d6f-43cb-46c9-8c6d-532d4e2d131f" testListId="8c84fa94-04c1-424b-9868-57a2d4851a1d" />
    <TestEntry testId="762813a8-6a9a-e8e5-34d5-f448a5291c4a" executionId="9aeef09f-7112-4fc7-864e-df74a288aee7" testListId="8c84fa94-04c1-424b-9868-57a2d4851a1d" />
    <TestEntry testId="78047548-c2fb-ec7b-adbf-bbb4914c4e3d" executionId="c0cd620a-477d-4595-88d1-a9e1672ce63b" testListId="8c84fa94-04c1-424b-9868-57a2d4851a1d" />
    <TestEntry testId="279b4c1f-43c0-4b3d-9fab-267be1d9d601" executionId="ba634c66-2c5e-40d7-9b40-f03b18b75cbe" testListId="8c84fa94-04c1-424b-9868-57a2d4851a1d" />
    <TestEntry testId="3b5e70bb-fe8d-4921-8807-43c6fddf54fd" executionId="96bc35a9-d073-46d9-acde-3d57b9da0993" testListId="8c84fa94-04c1-424b-9868-57a2d4851a1d">
      <TestEntries>
        <TestEntry testId="279b4c1f-43c0-4b3d-9fab-267be1d9d601" executionId="b1837ab5-51ab-4320-b85e-54a8bc586d6d" parentExecutionId="96bc35a9-d073-46d9-acde-3d57b9da0993" testListId="8c84fa94-04c1-424b-9868-57a2d4851a1d" />
        <TestEntry testId="762813a8-6a9a-e8e5-34d5-f448a5291c4a" executionId="939b6b1d-e963-4f75-8a04-11f2137e5853" parentExecutionId="96bc35a9-d073-46d9-acde-3d57b9da0993" testListId="8c84fa94-04c1-424b-9868-57a2d4851a1d" />
        <TestEntry testId="b96f2172-51f7-3767-573a-01ebaf3120be" executionId="5e12486b-59f6-4e60-9791-84cf6f0b9b85" parentExecutionId="96bc35a9-d073-46d9-acde-3d57b9da0993" testListId="8c84fa94-04c1-424b-9868-57a2d4851a1d" />
        <TestEntry testId="78047548-c2fb-ec7b-adbf-bbb4914c4e3d" executionId="33112846-b7dd-4428-8a0e-1c9391f7fd9b" parentExecutionId="96bc35a9-d073-46d9-acde-3d57b9da0993" testListId="8c84fa94-04c1-424b-9868-57a2d4851a1d" />
      </TestEntries>
    </TestEntry>
  </TestEntries>
  <Results>
    <UnitTestResult executionId="297b2d6f-43cb-46c9-8c6d-532d4e2d131f" testId="b96f2172-51f7-3767-573a-01ebaf3120be" testName="TestMethod1" computerName="W7-LIELR" duration="00:00:00.0171485" startTime="2013-06-06T17:57:58.0763937+03:00" endTime="2013-06-06T17:57:58.2324026+03:00" testType="13cdc9d9-ddb5-4fa4-a97d-d965ccfc6d4b" outcome="Passed" testListId="8c84fa94-04c1-424b-9868-57a2d4851a1d" relativeResultsDirectory="297b2d6f-43cb-46c9-8c6d-532d4e2d131f">
      <Output>
        <TextMessages>
          <Message>[TEST NUMBER 1]</Message>
          <Message>[TestMethod1]this is line number 1</Message>
          <Message>[TestMethod1]this is line number 2</Message>
          <Message>[TestMethod1]this is line number 3</Message>
          <Message>[TestMethod1]this is line number 4</Message>
          <Message>[TestMethod1]this is line number 5</Message>
          <Message>[TestMethod1]this is line number 6</Message>
          <Message>[TestMethod1]this is line number 7</Message>
          <Message>[TestMethod1]this is line number 8</Message>
          <Message>[TestMethod1]this is line number 9</Message>
          <Message>[TestMethod1]this is line number 10</Message>
          <Message>[TestMethod1]this is line number 11</Message>
        </TextMessages>
      </Output>
    </UnitTestResult>
    <UnitTestResult executionId="9aeef09f-7112-4fc7-864e-df74a288aee7" testId="762813a8-6a9a-e8e5-34d5-f448a5291c4a" testName="TestMethod2" computerName="W7-LIELR" duration="00:00:00.0053569" startTime="2013-06-06T17:57:58.2364029+03:00" endTime="2013-06-06T17:57:58.2474035+03:00" testType="13cdc9d9-ddb5-4fa4-a97d-d965ccfc6d4b" outcome="Passed" testListId="8c84fa94-04c1-424b-9868-57a2d4851a1d" relativeResultsDirectory="9aeef09f-7112-4fc7-864e-df74a288aee7">
      <Output>
        <TextMessages>
          <Message>[TEST NUMBER 2]</Message>
          <Message>[TestMethod2]this is line number 1</Message>
          <Message>[TestMethod2]this is line number 2</Message>
          <Message>[TestMethod2]this is line number 3</Message>
          <Message>[TestMethod2]this is line number 4</Message>
          <Message>[TestMethod2]this is line number 5</Message>
          <Message>[TestMethod2]this is line number 6</Message>
          <Message>[TestMethod2]this is line number 7</Message>
          <Message>[TestMethod2]this is line number 8</Message>
          <Message>[TestMethod2]this is line number 9</Message>
          <Message>[TestMethod2]this is line number 10</Message>
          <Message>[TestMethod2]this is line number 11</Message>
        </TextMessages>
      </Output>
    </UnitTestResult>
    <UnitTestResult executionId="c0cd620a-477d-4595-88d1-a9e1672ce63b" testId="78047548-c2fb-ec7b-adbf-bbb4914c4e3d" testName="TestMethod3" computerName="W7-LIELR" duration="00:00:00.0060464" startTime="2013-06-06T17:57:58.2514037+03:00" endTime="2013-06-06T17:57:58.2594042+03:00" testType="13cdc9d9-ddb5-4fa4-a97d-d965ccfc6d4b" outcome="Passed" testListId="8c84fa94-04c1-424b-9868-57a2d4851a1d" relativeResultsDirectory="c0cd620a-477d-4595-88d1-a9e1672ce63b">
      <Output>
        <StdOut>this is Console out
this is Console out2</StdOut>
        <TextMessages>
          <Message>[TEST NUMBER 3]</Message>
          <Message>[TestMethod3]this is line number 1</Message>
          <Message>[TestMethod3]this is line number 2</Message>
          <Message>[TestMethod3]this is line number 3</Message>
          <Message>[TestMethod1]this is line number 4</Message>
          <Message>[TestMethod1]this is line number 5</Message>
          <Message>[TestMethod1]this is line number 6</Message>
          <Message>[TestMethod1]this is line number 7</Message>
          <Message>[TestMethod1]this is line number 8</Message>
          <Message>[TestMethod1]this is line number 9</Message>
          <Message>[TestMethod1]this is line number 10</Message>
          <Message>[TestMethod1]this is line number 11</Message>
          <Message>$Link=http://www.ynet.ci.il,Title=ynet$</Message>
        </TextMessages>
      </Output>
    </UnitTestResult>
    <UnitTestResult executionId="ba634c66-2c5e-40d7-9b40-f03b18b75cbe" testId="279b4c1f-43c0-4b3d-9fab-267be1d9d601" testName="TestMethod4" computerName="W7-LIELR" duration="00:00:00.0072468" startTime="2013-06-06T17:57:58.2694048+03:00" endTime="2013-06-06T17:57:58.2804054+03:00" testType="13cdc9d9-ddb5-4fa4-a97d-d965ccfc6d4b" outcome="Passed" testListId="8c84fa94-04c1-424b-9868-57a2d4851a1d" relativeResultsDirectory="ba634c66-2c5e-40d7-9b40-f03b18b75cbe">
      <Output>
        <TextMessages>
          <Message>[TEST NUMBER 4]</Message>
          <Message>[TestMethod2]this is line number 1</Message>
          <Message>[TestMethod2]this is line number 2</Message>
          <Message>[TestMethod2]this is line number 3</Message>
          <Message>[TestMethod2]this is line number 4</Message>
          <Message>[TestMethod2]this is line number 5</Message>
          <Message>[TestMethod2]this is line number 6</Message>
          <Message>[TestMethod2]this is line number 7</Message>
          <Message>[TestMethod2]this is line number 8</Message>
          <Message>[TestMethod2]this is line number 9</Message>
          <Message>[TestMethod2]this is line number 10</Message>
          <Message>[TestMethod2]this is line number 11</Message>
        </TextMessages>
      </Output>
    </UnitTestResult>
    <TestResultAggregation executionId="96bc35a9-d073-46d9-acde-3d57b9da0993" testId="3b5e70bb-fe8d-4921-8807-43c6fddf54fd" testName="OrderedTest2" computerName="W7-LIELR" duration="00:00:00.0354019" startTime="2013-06-06T17:57:58.3344085+03:00" endTime="2013-06-06T17:57:58.3764109+03:00" testType="ec4800e8-40e5-4ab3-8510-b8bf29b1904d" outcome="Passed" testListId="8c84fa94-04c1-424b-9868-57a2d4851a1d" relativeResultsDirectory="96bc35a9-d073-46d9-acde-3d57b9da0993">
      <Counters error="0" failed="0" timeout="0" aborted="0" inconclusive="0" passedButRunAborted="0" notRunnable="0" notExecuted="0" disconnected="0" warning="0" passed="4" completed="0" inProgress="0" pending="0" />
      <InnerResults>
        <UnitTestResult executionId="b1837ab5-51ab-4320-b85e-54a8bc586d6d" parentExecutionId="96bc35a9-d073-46d9-acde-3d57b9da0993" testId="279b4c1f-43c0-4b3d-9fab-267be1d9d601" testName="TestMethod4" computerName="W7-LIELR" duration="00:00:00.0079946" startTime="2013-06-06T17:57:58.3394088+03:00" endTime="2013-06-06T17:57:58.3544096+03:00" testType="13cdc9d9-ddb5-4fa4-a97d-d965ccfc6d4b" outcome="Passed" testListId="8c84fa94-04c1-424b-9868-57a2d4851a1d" relativeResultsDirectory="b1837ab5-51ab-4320-b85e-54a8bc586d6d">
          <Output>
            <TextMessages>
              <Message>[TEST NUMBER 4]</Message>
              <Message>[TestMethod2]this is line number 1</Message>
              <Message>[TestMethod2]this is line number 2</Message>
              <Message>[TestMethod2]this is line number 3</Message>
              <Message>[TestMethod2]this is line number 4</Message>
              <Message>[TestMethod2]this is line number 5</Message>
              <Message>[TestMethod2]this is line number 6</Message>
              <Message>[TestMethod2]this is line number 7</Message>
              <Message>[TestMethod2]this is line number 8</Message>
              <Message>[TestMethod2]this is line number 9</Message>
              <Message>[TestMethod2]this is line number 10</Message>
              <Message>[TestMethod2]this is line number 11</Message>
            </TextMessages>
          </Output>
        </UnitTestResult>
        <UnitTestResult executionId="939b6b1d-e963-4f75-8a04-11f2137e5853" parentExecutionId="96bc35a9-d073-46d9-acde-3d57b9da0993" testId="762813a8-6a9a-e8e5-34d5-f448a5291c4a" testName="TestMethod2" computerName="W7-LIELR" duration="00:00:00.0033677" startTime="2013-06-06T17:57:58.3544096+03:00" endTime="2013-06-06T17:57:58.3614100+03:00" testType="13cdc9d9-ddb5-4fa4-a97d-d965ccfc6d4b" outcome="Passed" testListId="8c84fa94-04c1-424b-9868-57a2d4851a1d" relativeResultsDirectory="939b6b1d-e963-4f75-8a04-11f2137e5853">
          <Output>
            <TextMessages>
              <Message>[TEST NUMBER 2]</Message>
              <Message>[TestMethod2]this is line number 1</Message>
              <Message>[TestMethod2]this is line number 2</Message>
              <Message>[TestMethod2]this is line number 3</Message>
              <Message>[TestMethod2]this is line number 4</Message>
              <Message>[TestMethod2]this is line number 5</Message>
              <Message>[TestMethod2]this is line number 6</Message>
              <Message>[TestMethod2]this is line number 7</Message>
              <Message>[TestMethod2]this is line number 8</Message>
              <Message>[TestMethod2]this is line number 9</Message>
              <Message>[TestMethod2]this is line number 10</Message>
              <Message>[TestMethod2]this is line number 11</Message>
            </TextMessages>
          </Output>
        </UnitTestResult>
        <UnitTestResult executionId="5e12486b-59f6-4e60-9791-84cf6f0b9b85" parentExecutionId="96bc35a9-d073-46d9-acde-3d57b9da0993" testId="b96f2172-51f7-3767-573a-01ebaf3120be" testName="TestMethod1" computerName="W7-LIELR" duration="00:00:00.0034905" startTime="2013-06-06T17:57:58.3614100+03:00" endTime="2013-06-06T17:57:58.3674104+03:00" testType="13cdc9d9-ddb5-4fa4-a97d-d965ccfc6d4b" outcome="Passed" testListId="8c84fa94-04c1-424b-9868-57a2d4851a1d" relativeResultsDirectory="5e12486b-59f6-4e60-9791-84cf6f0b9b85">
          <Output>
            <TextMessages>
              <Message>[TEST NUMBER 1]</Message>
              <Message>[TestMethod1]this is line number 1</Message>
              <Message>[TestMethod1]this is line number 2</Message>
              <Message>[TestMethod1]this is line number 3</Message>
              <Message>[TestMethod1]this is line number 4</Message>
              <Message>[TestMethod1]this is line number 5</Message>
              <Message>[TestMethod1]this is line number 6</Message>
              <Message>[TestMethod1]this is line number 7</Message>
              <Message>[TestMethod1]this is line number 8</Message>
              <Message>[TestMethod1]this is line number 9</Message>
              <Message>[TestMethod1]this is line number 10</Message>
              <Message>[TestMethod1]this is line number 11</Message>
            </TextMessages>
          </Output>
        </UnitTestResult>
        <UnitTestResult executionId="33112846-b7dd-4428-8a0e-1c9391f7fd9b" parentExecutionId="96bc35a9-d073-46d9-acde-3d57b9da0993" testId="78047548-c2fb-ec7b-adbf-bbb4914c4e3d" testName="TestMethod3" computerName="W7-LIELR" duration="00:00:00.0045997" startTime="2013-06-06T17:57:58.3674104+03:00" endTime="2013-06-06T17:57:58.3744108+03:00" testType="13cdc9d9-ddb5-4fa4-a97d-d965ccfc6d4b" outcome="Passed" testListId="8c84fa94-04c1-424b-9868-57a2d4851a1d" relativeResultsDirectory="33112846-b7dd-4428-8a0e-1c9391f7fd9b">
          <Output>
            <StdOut>this is Console out
this is Console out2</StdOut>
            <TextMessages>
              <Message>[TEST NUMBER 3]</Message>
              <Message>[TestMethod3]this is line number 1</Message>
              <Message>[TestMethod3]this is line number 2</Message>
              <Message>[TestMethod3]this is line number 3</Message>
              <Message>[TestMethod1]this is line number 4</Message>
              <Message>[TestMethod1]this is line number 5</Message>
              <Message>[TestMethod1]this is line number 6</Message>
              <Message>[TestMethod1]this is line number 7</Message>
              <Message>[TestMethod1]this is line number 8</Message>
              <Message>[TestMethod1]this is line number 9</Message>
              <Message>[TestMethod1]this is line number 10</Message>
              <Message>[TestMethod1]this is line number 11</Message>
              <Message>$Link=http://www.ynet.ci.il,Title=ynet$</Message>
            </TextMessages>
          </Output>
        </UnitTestResult>
      </InnerResults>
    </TestResultAggregation>
  </Results>
</TestRun>