<?xml version="1.0" encoding="UTF-8"?>
<TestRun id="c275e091-21f6-4f78-bac0-18e01e334fe5" name="liel_r@W7-LIELR 2013-06-06 17:59:09" runUser="RAMDOR\liel_r" xmlns="http://microsoft.com/schemas/VisualStudio/TeamTest/2010">
  <TestSettings name="Default Test Settings" id="e1a415e9-3b92-4cee-a4e4-a9d780049a49">
    <Execution>
      <TestTypeSpecific />
      <AgentRule name="Execution Agents">
      </AgentRule>
    </Execution>
    <Deployment runDeploymentRoot="liel_r_W7-LIELR 2013-06-06 17_59_09" />
  </TestSettings>
  <Times creation="2013-06-06T17:59:09.3654712+03:00" queuing="2013-06-06T17:59:09.5504818+03:00" start="2013-06-06T17:59:09.5874839+03:00" finish="2013-06-06T17:59:09.9095023+03:00" />
  <ResultSummary outcome="Completed">
    <Counters total="9" executed="9" passed="9" error="0" failed="0" timeout="0" aborted="0" inconclusive="0" passedButRunAborted="0" notRunnable="0" notExecuted="0" disconnected="0" warning="0" completed="0" inProgress="0" pending="0" />
  </ResultSummary>
  <TestDefinitions>
    <UnitTest name="TestMethod3" storage="bin\debug\testproject2.dll" id="78047548-c2fb-ec7b-adbf-bbb4914c4e3d">
      <Execution id="f1ae836b-023f-4e0e-971e-85de8e677e62" />
      <TestMethod codeBase="C:/workspaces/ClickSoftware/TestProject2/TestProject2/bin/Debug/TestProject2.DLL" adapterTypeName="Microsoft.VisualStudio.TestTools.TestTypes.Unit.UnitTestAdapter, Microsoft.VisualStudio.QualityTools.Tips.UnitTest.Adapter, Version=10.0.0.0, Culture=neutral, PublicKeyToken=b03f5f7f11d50a3a" className="TestProject2.UnitTest2, TestProject2, Version=1.0.0.0, Culture=neutral, PublicKeyToken=null" name="TestMethod3" />
    </UnitTest>
    <UnitTest name="TestMethod2" storage="bin\debug\testproject2.dll" id="762813a8-6a9a-e8e5-34d5-f448a5291c4a">
      <Execution id="b39405c5-9a8b-448e-bc16-163f1a011491" />
      <TestMethod codeBase="C:/workspaces/ClickSoftware/TestProject2/TestProject2/bin/Debug/TestProject2.DLL" adapterTypeName="Microsoft.VisualStudio.TestTools.TestTypes.Unit.UnitTestAdapter, Microsoft.VisualStudio.QualityTools.Tips.UnitTest.Adapter, Version=10.0.0.0, Culture=neutral, PublicKeyToken=b03f5f7f11d50a3a" className="TestProject2.UnitTest1, TestProject2, Version=1.0.0.0, Culture=neutral, PublicKeyToken=null" name="TestMethod2" />
    </UnitTest>
    <UnitTest name="TestMethod4" storage="bin\debug\testproject2.dll" id="279b4c1f-43c0-4b3d-9fab-267be1d9d601">
      <Execution id="b99732f0-1a6a-4ef6-ba26-e36cc20c2d20" />
      <TestMethod codeBase="C:/workspaces/ClickSoftware/TestProject2/TestProject2/bin/Debug/TestProject2.DLL" adapterTypeName="Microsoft.VisualStudio.TestTools.TestTypes.Unit.UnitTestAdapter, Microsoft.VisualStudio.QualityTools.Tips.UnitTest.Adapter, Version=10.0.0.0, Culture=neutral, PublicKeyToken=b03f5f7f11d50a3a" className="TestProject2.UnitTest2, TestProject2, Version=1.0.0.0, Culture=neutral, PublicKeyToken=null" name="TestMethod4" />
    </UnitTest>
    <UnitTest name="TestMethod1" storage="bin\debug\testproject2.dll" id="b96f2172-51f7-3767-573a-01ebaf3120be">
      <Execution id="0d6bd8e0-be40-4d58-ac1a-86e6a6881da6" />
      <TestMethod codeBase="C:/workspaces/ClickSoftware/TestProject2/TestProject2/bin/Debug/TestProject2.DLL" adapterTypeName="Microsoft.VisualStudio.TestTools.TestTypes.Unit.UnitTestAdapter, Microsoft.VisualStudio.QualityTools.Tips.UnitTest.Adapter, Version=10.0.0.0, Culture=neutral, PublicKeyToken=b03f5f7f11d50a3a" className="TestProject2.UnitTest1, TestProject2, Version=1.0.0.0, Culture=neutral, PublicKeyToken=null" name="TestMethod1" />
    </UnitTest>
    <OrderedTest name="OrderedTest2" storage="c:\workspaces\clicksoftware\testproject2\testproject2\orderedtest2.orderedtest" id="3b5e70bb-fe8d-4921-8807-43c6fddf54fd">
      <Execution id="a82b721e-6200-47d9-8f4f-1af5628d20db" />
      <TestLinks>
        <TestLink id="279b4c1f-43c0-4b3d-9fab-267be1d9d601" name="TestMethod4" storage="bin\debug\testproject2.dll" type="Microsoft.VisualStudio.TestTools.TestTypes.Unit.UnitTestElement, Microsoft.VisualStudio.QualityTools.Tips.UnitTest.ObjectModel, Version=10.0.0.0, Culture=neutral, PublicKeyToken=b03f5f7f11d50a3a" />
        <TestLink id="762813a8-6a9a-e8e5-34d5-f448a5291c4a" name="TestMethod2" storage="bin\debug\testproject2.dll" type="Microsoft.VisualStudio.TestTools.TestTypes.Unit.UnitTestElement, Microsoft.VisualStudio.QualityTools.Tips.UnitTest.ObjectModel, Version=10.0.0.0, Culture=neutral, PublicKeyToken=b03f5f7f11d50a3a" />
        <TestLink id="b96f2172-51f7-3767-573a-01ebaf3120be" name="TestMethod1" storage="bin\debug\testproject2.dll" type="Microsoft.VisualStudio.TestTools.TestTypes.Unit.UnitTestElement, Microsoft.VisualStudio.QualityTools.Tips.UnitTest.ObjectModel, Version=10.0.0.0, Culture=neutral, PublicKeyToken=b03f5f7f11d50a3a" />
        <TestLink id="78047548-c2fb-ec7b-adbf-bbb4914c4e3d" name="TestMethod3" storage="bin\debug\testproject2.dll" type="Microsoft.VisualStudio.TestTools.TestTypes.Unit.UnitTestElement, Microsoft.VisualStudio.QualityTools.Tips.UnitTest.ObjectModel, Version=10.0.0.0, Culture=neutral, PublicKeyToken=b03f5f7f11d50a3a" />
      </TestLinks>
    </OrderedTest>
  </TestDefinitions>
  <TestLists>
    <TestList name="Results Not in a List" id="8c84fa94-04c1-424b-9868-57a2d4851a1d" />
    <TestList name="All Loaded Results" id="19431567-8539-422a-85d7-44ee4e166bda" />
  </TestLists>
  <TestEntries>
    <TestEntry testId="b96f2172-51f7-3767-573a-01ebaf3120be" executionId="0d6bd8e0-be40-4d58-ac1a-86e6a6881da6" testListId="8c84fa94-04c1-424b-9868-57a2d4851a1d" />
    <TestEntry testId="762813a8-6a9a-e8e5-34d5-f448a5291c4a" executionId="b39405c5-9a8b-448e-bc16-163f1a011491" testListId="8c84fa94-04c1-424b-9868-57a2d4851a1d" />
    <TestEntry testId="78047548-c2fb-ec7b-adbf-bbb4914c4e3d" executionId="f1ae836b-023f-4e0e-971e-85de8e677e62" testListId="8c84fa94-04c1-424b-9868-57a2d4851a1d" />
    <TestEntry testId="279b4c1f-43c0-4b3d-9fab-267be1d9d601" executionId="b99732f0-1a6a-4ef6-ba26-e36cc20c2d20" testListId="8c84fa94-04c1-424b-9868-57a2d4851a1d" />
    <TestEntry testId="3b5e70bb-fe8d-4921-8807-43c6fddf54fd" executionId="a82b721e-6200-47d9-8f4f-1af5628d20db" testListId="8c84fa94-04c1-424b-9868-57a2d4851a1d">
      <TestEntries>
        <TestEntry testId="279b4c1f-43c0-4b3d-9fab-267be1d9d601" executionId="41c00de7-895b-4776-92fe-f59415346a93" parentExecutionId="a82b721e-6200-47d9-8f4f-1af5628d20db" testListId="8c84fa94-04c1-424b-9868-57a2d4851a1d" />
        <TestEntry testId="762813a8-6a9a-e8e5-34d5-f448a5291c4a" executionId="74fe7f21-3da6-4088-a87f-5ccb876f839c" parentExecutionId="a82b721e-6200-47d9-8f4f-1af5628d20db" testListId="8c84fa94-04c1-424b-9868-57a2d4851a1d" />
        <TestEntry testId="b96f2172-51f7-3767-573a-01ebaf3120be" executionId="b8c54765-c950-4064-a455-d358cee765b3" parentExecutionId="a82b721e-6200-47d9-8f4f-1af5628d20db" testListId="8c84fa94-04c1-424b-9868-57a2d4851a1d" />
        <TestEntry testId="78047548-c2fb-ec7b-adbf-bbb4914c4e3d" executionId="91359a4f-ddd4-4b40-9122-02b21aa9fd5c" parentExecutionId="a82b721e-6200-47d9-8f4f-1af5628d20db" testListId="8c84fa94-04c1-424b-9868-57a2d4851a1d" />
      </TestEntries>
    </TestEntry>
  </TestEntries>
  <Results>
    <UnitTestResult executionId="0d6bd8e0-be40-4d58-ac1a-86e6a6881da6" testId="b96f2172-51f7-3767-573a-01ebaf3120be" testName="TestMethod1" computerName="W7-LIELR" duration="00:00:00.0187496" startTime="2013-06-06T17:59:09.5944843+03:00" endTime="2013-06-06T17:59:09.7594938+03:00" testType="13cdc9d9-ddb5-4fa4-a97d-d965ccfc6d4b" outcome="Passed" testListId="8c84fa94-04c1-424b-9868-57a2d4851a1d" relativeResultsDirectory="0d6bd8e0-be40-4d58-ac1a-86e6a6881da6">
      <Output>
        <TextMessages>
          <Message>[TEST NUMBER 1]</Message>
          <Message>[TestMethod1]this is line number 1</Message>
          <Message>[TestMethod1]this is line number 2</Message>
          <Message>[TestMethod1]this is line number 3</Message>
          <Message>[TestMethod1]this is line number 4</Message>
          <Message>[TestMethod1]this is line number 5</Message>
          <Message>[TestMethod1]this is line number 6</Message>
          <Message>[TestMethod1]this is line number 7</Message>
          <Message>[TestMethod1]this is line number 8</Message>
          <Message>[TestMethod1]this is line number 9</Message>
          <Message>[TestMethod1]this is line number 10</Message>
          <Message>[TestMethod1]this is line number 11</Message>
        </TextMessages>
      </Output>
    </UnitTestResult>
    <UnitTestResult executionId="b39405c5-9a8b-448e-bc16-163f1a011491" testId="762813a8-6a9a-e8e5-34d5-f448a5291c4a" testName="TestMethod2" computerName="W7-LIELR" duration="00:00:00.0036914" startTime="2013-06-06T17:59:09.7644940+03:00" endTime="2013-06-06T17:59:09.7724945+03:00" testType="13cdc9d9-ddb5-4fa4-a97d-d965ccfc6d4b" outcome="Passed" testListId="8c84fa94-04c1-424b-9868-57a2d4851a1d" relativeResultsDirectory="b39405c5-9a8b-448e-bc16-163f1a011491">
      <Output>
        <TextMessages>
          <Message>[TEST NUMBER 2]</Message>
          <Message>[TestMethod2]this is line number 1</Message>
          <Message>[TestMethod2]this is line number 2</Message>
          <Message>[TestMethod2]this is line number 3</Message>
          <Message>[TestMethod2]this is line number 4</Message>
          <Message>[TestMethod2]this is line number 5</Message>
          <Message>[TestMethod2]this is line number 6</Message>
          <Message>[TestMethod2]this is line number 7</Message>
          <Message>[TestMethod2]this is line number 8</Message>
          <Message>[TestMethod2]this is line number 9</Message>
          <Message>[TestMethod2]this is line number 10</Message>
          <Message>[TestMethod2]this is line number 11</Message>
        </TextMessages>
      </Output>
    </UnitTestResult>
    <UnitTestResult executionId="f1ae836b-023f-4e0e-971e-85de8e677e62" testId="78047548-c2fb-ec7b-adbf-bbb4914c4e3d" testName="TestMethod3" computerName="W7-LIELR" duration="00:00:00.0042533" startTime="2013-06-06T17:59:09.7744946+03:00" endTime="2013-06-06T17:59:09.7814950+03:00" testType="13cdc9d9-ddb5-4fa4-a97d-d965ccfc6d4b" outcome="Passed" testListId="8c84fa94-04c1-424b-9868-57a2d4851a1d" relativeResultsDirectory="f1ae836b-023f-4e0e-971e-85de8e677e62">
      <Output>
        <StdOut>this is Console out
this is Console out2</StdOut>
        <TextMessages>
          <Message>[TEST NUMBER 3]</Message>
          <Message>[TestMethod3]this is line number 1</Message>
          <Message>[TestMethod3]this is line number 2</Message>
          <Message>[TestMethod3]this is line number 3</Message>
          <Message>[TestMethod1]this is line number 4</Message>
          <Message>[TestMethod1]this is line number 5</Message>
          <Message>[TestMethod1]this is line number 6</Message>
          <Message>[TestMethod1]this is line number 7</Message>
          <Message>[TestMethod1]this is line number 8</Message>
          <Message>[TestMethod1]this is line number 9</Message>
          <Message>[TestMethod1]this is line number 10</Message>
          <Message>[TestMethod1]this is line number 11</Message>
          <Message>$Link=http://www.ynet.ci.il,Title=ynet$</Message>
        </TextMessages>
      </Output>
    </UnitTestResult>
    <UnitTestResult executionId="b99732f0-1a6a-4ef6-ba26-e36cc20c2d20" testId="279b4c1f-43c0-4b3d-9fab-267be1d9d601" testName="TestMethod4" computerName="W7-LIELR" duration="00:00:00.0076273" startTime="2013-06-06T17:59:09.7914956+03:00" endTime="2013-06-06T17:59:09.8014962+03:00" testType="13cdc9d9-ddb5-4fa4-a97d-d965ccfc6d4b" outcome="Passed" testListId="8c84fa94-04c1-424b-9868-57a2d4851a1d" relativeResultsDirectory="b99732f0-1a6a-4ef6-ba26-e36cc20c2d20">
      <Output>
        <TextMessages>
          <Message>[TEST NUMBER 4]</Message>
          <Message>[TestMethod2]this is line number 1</Message>
          <Message>[TestMethod2]this is line number 2</Message>
          <Message>[TestMethod2]this is line number 3</Message>
          <Message>[TestMethod2]this is line number 4</Message>
          <Message>[TestMethod2]this is line number 5</Message>
          <Message>[TestMethod2]this is line number 6</Message>
          <Message>[TestMethod2]this is line number 7</Message>
          <Message>[TestMethod2]this is line number 8</Message>
          <Message>[TestMethod2]this is line number 9</Message>
          <Message>[TestMethod2]this is line number 10</Message>
          <Message>[TestMethod2]this is line number 11</Message>
        </TextMessages>
      </Output>
    </UnitTestResult>
    <TestResultAggregation executionId="a82b721e-6200-47d9-8f4f-1af5628d20db" testId="3b5e70bb-fe8d-4921-8807-43c6fddf54fd" testName="OrderedTest2" computerName="W7-LIELR" duration="00:00:00.0330450" startTime="2013-06-06T17:59:09.8424985+03:00" endTime="2013-06-06T17:59:09.8825008+03:00" testType="ec4800e8-40e5-4ab3-8510-b8bf29b1904d" outcome="Passed" testListId="8c84fa94-04c1-424b-9868-57a2d4851a1d" relativeResultsDirectory="a82b721e-6200-47d9-8f4f-1af5628d20db">
      <Counters error="0" failed="0" timeout="0" aborted="0" inconclusive="0" passedButRunAborted="0" notRunnable="0" notExecuted="0" disconnected="0" warning="0" passed="4" completed="0" inProgress="0" pending="0" />
      <InnerResults>
        <UnitTestResult executionId="41c00de7-895b-4776-92fe-f59415346a93" parentExecutionId="a82b721e-6200-47d9-8f4f-1af5628d20db" testId="279b4c1f-43c0-4b3d-9fab-267be1d9d601" testName="TestMethod4" computerName="W7-LIELR" duration="00:00:00.0051759" startTime="2013-06-06T17:59:09.8484988+03:00" endTime="2013-06-06T17:59:09.8584994+03:00" testType="13cdc9d9-ddb5-4fa4-a97d-d965ccfc6d4b" outcome="Passed" testListId="8c84fa94-04c1-424b-9868-57a2d4851a1d" relativeResultsDirectory="41c00de7-895b-4776-92fe-f59415346a93">
          <Output>
            <TextMessages>
              <Message>[TEST NUMBER 4]</Message>
              <Message>[TestMethod2]this is line number 1</Message>
              <Message>[TestMethod2]this is line number 2</Message>
              <Message>[TestMethod2]this is line number 3</Message>
              <Message>[TestMethod2]this is line number 4</Message>
              <Message>[TestMethod2]this is line number 5</Message>
              <Message>[TestMethod2]this is line number 6</Message>
              <Message>[TestMethod2]this is line number 7</Message>
              <Message>[TestMethod2]this is line number 8</Message>
              <Message>[TestMethod2]this is line number 9</Message>
              <Message>[TestMethod2]this is line number 10</Message>
              <Message>[TestMethod2]this is line number 11</Message>
            </TextMessages>
          </Output>
        </UnitTestResult>
        <UnitTestResult executionId="74fe7f21-3da6-4088-a87f-5ccb876f839c" parentExecutionId="a82b721e-6200-47d9-8f4f-1af5628d20db" testId="762813a8-6a9a-e8e5-34d5-f448a5291c4a" testName="TestMethod2" computerName="W7-LIELR" duration="00:00:00.0041158" startTime="2013-06-06T17:59:09.8584994+03:00" endTime="2013-06-06T17:59:09.8644998+03:00" testType="13cdc9d9-ddb5-4fa4-a97d-d965ccfc6d4b" outcome="Passed" testListId="8c84fa94-04c1-424b-9868-57a2d4851a1d" relativeResultsDirectory="74fe7f21-3da6-4088-a87f-5ccb876f839c">
          <Output>
            <TextMessages>
              <Message>[TEST NUMBER 2]</Message>
              <Message>[TestMethod2]this is line number 1</Message>
              <Message>[TestMethod2]this is line number 2</Message>
              <Message>[TestMethod2]this is line number 3</Message>
              <Message>[TestMethod2]this is line number 4</Message>
              <Message>[TestMethod2]this is line number 5</Message>
              <Message>[TestMethod2]this is line number 6</Message>
              <Message>[TestMethod2]this is line number 7</Message>
              <Message>[TestMethod2]this is line number 8</Message>
              <Message>[TestMethod2]this is line number 9</Message>
              <Message>[TestMethod2]this is line number 10</Message>
              <Message>[TestMethod2]this is line number 11</Message>
            </TextMessages>
          </Output>
        </UnitTestResult>
        <UnitTestResult executionId="b8c54765-c950-4064-a455-d358cee765b3" parentExecutionId="a82b721e-6200-47d9-8f4f-1af5628d20db" testId="b96f2172-51f7-3767-573a-01ebaf3120be" testName="TestMethod1" computerName="W7-LIELR" duration="00:00:00.0047983" startTime="2013-06-06T17:59:09.8644998+03:00" endTime="2013-06-06T17:59:09.8745003+03:00" testType="13cdc9d9-ddb5-4fa4-a97d-d965ccfc6d4b" outcome="Passed" testListId="8c84fa94-04c1-424b-9868-57a2d4851a1d" relativeResultsDirectory="b8c54765-c950-4064-a455-d358cee765b3">
          <Output>
            <TextMessages>
              <Message>[TEST NUMBER 1]</Message>
              <Message>[TestMethod1]this is line number 1</Message>
              <Message>[TestMethod1]this is line number 2</Message>
              <Message>[TestMethod1]this is line number 3</Message>
              <Message>[TestMethod1]this is line number 4</Message>
              <Message>[TestMethod1]this is line number 5</Message>
              <Message>[TestMethod1]this is line number 6</Message>
              <Message>[TestMethod1]this is line number 7</Message>
              <Message>[TestMethod1]this is line number 8</Message>
              <Message>[TestMethod1]this is line number 9</Message>
              <Message>[TestMethod1]this is line number 10</Message>
              <Message>[TestMethod1]this is line number 11</Message>
            </TextMessages>
          </Output>
        </UnitTestResult>
        <UnitTestResult executionId="91359a4f-ddd4-4b40-9122-02b21aa9fd5c" parentExecutionId="a82b721e-6200-47d9-8f4f-1af5628d20db" testId="78047548-c2fb-ec7b-adbf-bbb4914c4e3d" testName="TestMethod3" computerName="W7-LIELR" duration="00:00:00.0047214" startTime="2013-06-06T17:59:09.8745003+03:00" endTime="2013-06-06T17:59:09.8815007+03:00" testType="13cdc9d9-ddb5-4fa4-a97d-d965ccfc6d4b" outcome="Passed" testListId="8c84fa94-04c1-424b-9868-57a2d4851a1d" relativeResultsDirectory="91359a4f-ddd4-4b40-9122-02b21aa9fd5c">
          <Output>
            <StdOut>this is Console out
this is Console out2</StdOut>
            <TextMessages>
              <Message>[TEST NUMBER 3]</Message>
              <Message>[TestMethod3]this is line number 1</Message>
              <Message>[TestMethod3]this is line number 2</Message>
              <Message>[TestMethod3]this is line number 3</Message>
              <Message>[TestMethod1]this is line number 4</Message>
              <Message>[TestMethod1]this is line number 5</Message>
              <Message>[TestMethod1]this is line number 6</Message>
              <Message>[TestMethod1]this is line number 7</Message>
              <Message>[TestMethod1]this is line number 8</Message>
              <Message>[TestMethod1]this is line number 9</Message>
              <Message>[TestMethod1]this is line number 10</Message>
              <Message>[TestMethod1]this is line number 11</Message>
              <Message>$Link=http://www.ynet.ci.il,Title=ynet$</Message>
            </TextMessages>
          </Output>
        </UnitTestResult>
      </InnerResults>
    </TestResultAggregation>
  </Results>
</TestRun>